
> flash-ecommerce@0.1.0 build
> next build

Γû▓ Next.js 16.1.6 (Turbopack)
- Environments: .env.local
- Experiments (use with caution):
  ┬╖ serverActions

node.exe : ΓÜá The "middleware" 
file convention is deprecated. 
Please use "proxy" instead. 
Learn more: https://nextjs.org/d
ocs/messages/middleware-to-proxy
At line:1 char:1
+ & "C:\Program 
Files\nodejs/node.exe" "C:\Users
\rjsan\AppData\Roaming\ ...
+ ~~~~~~~~~~~~~~~~~~~~~~~~~~~~~~
~~~~~~~~~~~~~~~~~~~~~~~~~~~~~~~~
~~~~~~~
    + CategoryInfo          : N 
   otSpecified: (ΓÜá The "midd  
  le...leware-to-proxy:String   
 ) [], RemoteException
    + FullyQualifiedErrorId : N 
   ativeCommandError
 
  Creating an optimized production build ...
Γ£ô Compiled successfully in 2.0min
  Running TypeScript ...
  Collecting page data using 7 workers ...
ΓÜá Using edge runtime on a 
page currently disables static 
generation for that page
  Generating static pages using 7 workers (0/52) ...
  Generating static pages using 7 workers (13/52) 
  Generating static pages using 7 workers (26/52) 
getReviews failed: Error: 
Dynamic server usage: Route 
/product/[slug] couldn't be 
rendered statically because it 
used `cookies`. See more info 
here: https://nextjs.org/docs/me
ssages/dynamic-server-error
    at n (G:\fitByte\.next\serve
r\chunks\ssr\_cc5c7356._.js:1:12
027)
    at q (G:\fitByte\.next\serve
r\chunks\ssr\_cc5c7356._.js:19:7
0)
    at g (G:\fitByte\.next\serve
r\chunks\ssr\[root-of-the-server
]__a33a1452._.js:1:8445)
    at r (G:\fitByte\.next\serve
r\chunks\ssr\[root-of-the-server
]__36802224._.js:1:9595) {
  description: "Route 
/product/[slug] couldn't be 
rendered statically because it 
used `cookies`. See more info 
here: https://nextjs.org/docs/me
ssages/dynamic-server-error",
  digest: 'DYNAMIC_SERVER_USAGE'
}
getProductColors failed: Error: 
Dynamic server usage: Route 
/product/[slug] couldn't be 
rendered statically because it 
used `cookies`. See more info 
here: https://nextjs.org/docs/me
ssages/dynamic-server-error
    at n (G:\fitByte\.next\serve
r\chunks\ssr\_cc5c7356._.js:1:12
027)
    at q (G:\fitByte\.next\serve
r\chunks\ssr\_cc5c7356._.js:19:7
0)
    at c (G:\fitByte\.next\serve
r\chunks\ssr\[root-of-the-server
]__36802224._.js:1:668)
    at r (G:\fitByte\.next\serve
r\chunks\ssr\[root-of-the-server
]__36802224._.js:1:9652) {
  description: "Route 
/product/[slug] couldn't be 
rendered statically because it 
used `cookies`. See more info 
here: https://nextjs.org/docs/me
ssages/dynamic-server-error",
  digest: 'DYNAMIC_SERVER_USAGE'
}
  Generating static pages using 7 workers (39/52) 
getProductColors failed: Error: 
Dynamic server usage: Route 
/admin/products/colors couldn't 
be rendered statically because 
it used `cookies`. See more 
info here: https://nextjs.org/do
cs/messages/dynamic-server-error
    at n (G:\fitByte\.next\serve
r\chunks\ssr\_cc5c7356._.js:1:12
027)
    at q (G:\fitByte\.next\serve
r\chunks\ssr\_cc5c7356._.js:19:7
0)
    at c (G:\fitByte\.next\serve
r\chunks\ssr\[root-of-the-server
]__7cfd5d5e._.js:1:609)
    at e (G:\fitByte\.next\serve
r\chunks\ssr\[root-of-the-server
]__470a1e7e._.js:1:1671)
    at stringify (<anonymous>) {
  description: "Route 
/admin/products/colors couldn't 
be rendered statically because 
it used `cookies`. See more 
info here: https://nextjs.org/do
cs/messages/dynamic-server-error
",
  digest: 'DYNAMIC_SERVER_USAGE'
}
[getGlobalSettings] Failed to 
fetch announcement_bar: Could 
not find the table 
'public.content_globals' in the 
schema cache
Γ£ô Generating static pages using 7 workers (52/52) in 4.9s
  Finalizing page optimization ...

Route (app)
Γöî ╞Æ /
Γö£ ╞Æ /_not-found
Γö£ ╞Æ /about
Γö£ ╞Æ /accessibility
Γö£ ╞Æ /account
Γö£ ╞Æ /account/orders
Γö£ ╞Æ /account/orders/[id]
Γö£ ╞Æ /admin
Γö£ ╞Æ /admin/analytics
Γö£ ╞Æ /admin/blog
Γö£ ╞Æ /admin/blog/[id]
Γö£ ╞Æ /admin/blog/new
Γö£ ╞Æ /admin/categories
Γö£ ╞Æ /admin/concepts
Γö£ ╞Æ /admin/coupons
Γö£ ╞Æ /admin/customers
Γö£ ╞Æ /admin/customers/[id]
Γö£ ╞Æ /admin/feedback
Γö£ ╞Æ /admin/health
Γö£ ╞Æ /admin/notifications
Γö£ ╞Æ /admin/orders
Γö£ ╞Æ /admin/orders/[id]
Γö£ ╞Æ /admin/orders/[id]/invoice
Γö£ ╞Æ /admin/products
Γö£ ╞Æ /admin/products/[id]
Γö£ ╞Æ /admin/products/colors
Γö£ ╞Æ /admin/products/new
Γö£ ╞Æ /admin/reviews
Γö£ ╞Æ /admin/settings
Γö£ ╞Æ /admin/system-logs
Γö£ ╞Æ /admin/waitlist
Γö£ ╞Æ /admin/waitlist/[productId]
Γö£ ╞Æ /api/admin/health-check
Γö£ ╞Æ /api/admin/optimize-legacy
Γö£ ╞Æ /api/cron/reconcile-payments
Γö£ ╞Æ /api/cron/seo-heartbeat
Γö£ ╞Æ /api/debug/test-email
Γö£ ╞Æ /api/event-worker
Γö£ ╞Æ /api/notifications/send
Γö£ ╞Æ /api/notifications/subscribe
Γö£ ╞Æ /api/razorpay/callback
Γö£ ╞Æ /api/razorpay/order
Γö£ ╞Æ /api/razorpay/verify
Γö£ ╞Æ /api/razorpay/webhook
Γö£ ╞Æ /api/ship/track
Γö£ ╞Æ /api/stock/[id]
Γö£ Γùï /apple-icon
Γö£ ╞Æ /auth/auth-code-error
Γö£ ╞Æ /auth/callback
Γö£ ╞Æ /blog
Γö£ ΓùÅ /blog/[slug]
Γö£ ╞Æ /blog/[slug]/opengraph-image-1yjuf8
Γö£ ╞Æ /careers
Γö£ ╞Æ /checkout
Γö£ ╞Æ /contact
Γö£ ╞Æ /faq
Γö£ ╞Æ /flashh-fashion
Γö£ Γùï /icon
Γö£ ╞Æ /lab
Γö£ ╞Æ /login
Γö£ Γùï /manifest.webmanifest
Γö£ ╞Æ /opengraph-image
Γö£ ╞Æ /order/confirmation/[id]
Γö£ ╞Æ /privacy
Γö£ ╞Æ /product/[slug]
Γö£ ╞Æ /product/[slug]/opengraph-image-1vxdxz
Γö£ Γùï /robots.txt
Γö£ ╞Æ /shipping
Γö£ ╞Æ /shop
Γö£ ╞Æ /shop/[category]
Γö£ ╞Æ /shop/vibes/[vibe]
Γö£ ╞Æ /signup
Γö£ Γùï /sitemap.xml
Γö£ ╞Æ /size-guide
Γö£ ╞Æ /sustainability
Γö£ ╞Æ /terms
Γö£ ╞Æ /track/[orderId]
Γöö ╞Æ /wishlist


╞Æ Proxy (Middleware)

Γùï  (Static)   prerendered as static content
ΓùÅ  (SSG)      prerendered as static HTML (uses generateStaticParams)
╞Æ  (Dynamic)  server-rendered on demand

