app/(storefront)/checkout/page.tsx(850,60): error TS2339: Property 'fit' does not exist on type 'CartItem'.
app/(storefront)/checkout/page.tsx(864,29): error TS2554: Expected 3 arguments, but got 4.
app/(storefront)/checkout/page.tsx(864,34): error TS2339: Property 'fit' does not exist on type 'CartItem'.
components/admin/products/product-form.tsx(59,7): error TS2322: Type '({ name: string; is_active: boolean; slug: string; status: "active" | "draft" | "archived"; cost_price: number; category_id: string; expression_tags: string[]; gallery_image_urls: string[]; ... 12 more ...; images?: { ...; } | undefined; } & { ...; }) | { ...; }' is not assignable to type 'AsyncDefaultValues<{ name: string; is_active: boolean; slug: string; status: "active" | "draft" | "archived"; cost_price: number; category_id: string; expression_tags: string[]; gallery_image_urls: string[]; ... 12 more ...; images?: { ...; } | undefined; }> | { ...; } | undefined'.
  Object literal may only specify known properties, and 'fit_options' does not exist in type 'AsyncDefaultValues<{ name: string; is_active: boolean; slug: string; status: "active" | "draft" | "archived"; cost_price: number; category_id: string; expression_tags: string[]; gallery_image_urls: string[]; ... 12 more ...; images?: { ...; } | undefined; }> | { ...; }'.
components/admin/products/product-form.tsx(128,32): error TS2345: Argument of type '(data: ProductFormValues) => Promise<void>' is not assignable to parameter of type 'SubmitHandler<TFieldValues>'.
  Types of parameters 'data' and 'data' are incompatible.
    Type 'TFieldValues' is not assignable to type '{ name: string; is_active: boolean; slug: string; status: "active" | "draft" | "archived"; cost_price: number; category_id: string; expression_tags: string[]; gallery_image_urls: string[]; is_carousel_featured: boolean; ... 11 more ...; images?: { ...; } | undefined; }'.
      Type 'FieldValues' is missing the following properties from type '{ name: string; is_active: boolean; slug: string; status: "active" | "draft" | "archived"; cost_price: number; category_id: string; expression_tags: string[]; gallery_image_urls: string[]; is_carousel_featured: boolean; ... 11 more ...; images?: { ...; } | undefined; }': name, is_active, slug, status, and 9 more.
components/cart/cart-upsell.tsx(54,7): error TS2353: Object literal may only specify known properties, and 'fit' does not exist in type 'CartItem'.
components/store-sync.tsx(82,30): error TS2339: Property 'fit' does not exist on type 'CartItem'.
components/store-sync.tsx(132,32): error TS2339: Property 'fit' does not exist on type '{ maxQuantity: any; id?: string | undefined; productId: string; categoryId: string; slug: string; name: string; price: number; image: string | null; size: string; color: string; quantity: number; }'.
components/store-sync.tsx(244,17): error TS2339: Property 'fit' does not exist on type 'CartItem'.
components/store-sync.tsx(257,23): error TS2339: Property 'fit' does not exist on type 'CartItem'.
components/store-sync.tsx(276,23): error TS2339: Property 'fit' does not exist on type 'CartItem'.
components/storefront/cart-drawer.tsx(174,83): error TS2339: Property 'fit' does not exist on type 'CartItem'.
components/storefront/cart-drawer.tsx(259,35): error TS2554: Expected 3 arguments, but got 4.
components/storefront/cart-drawer.tsx(259,40): error TS2339: Property 'fit' does not exist on type 'CartItem'.
components/storefront/cart-drawer.tsx(273,35): error TS2554: Expected 3 arguments, but got 4.
components/storefront/cart-drawer.tsx(273,40): error TS2339: Property 'fit' does not exist on type 'CartItem'.
components/storefront/cart-drawer.tsx(413,35): error TS2554: Expected 3 arguments, but got 4.
components/storefront/cart-drawer.tsx(413,40): error TS2339: Property 'fit' does not exist on type 'CartItem'.
components/storefront/cart-drawer.tsx(426,35): error TS2554: Expected 3 arguments, but got 4.
components/storefront/cart-drawer.tsx(426,40): error TS2339: Property 'fit' does not exist on type 'CartItem'.
lib/services/product-service.ts(342,70): error TS2339: Property 'fit' does not exist on type '{ color: string; quantity: number; size: string; cost_price: number; sku?: string | undefined; }'.
